// Jest Snapshot v1, https://goo.gl/fbAQLP

exports[`BlackJack Game Game container renders correctly 1`] = `ShallowWrapper {}`;

exports[`BlackJack Game Hand container renders correctly 1`] = `ShallowWrapper {}`;

exports[`BlackJack Game container renders correctly 1`] = `ShallowWrapper {}`;

exports[`BlackJack Renders correctly 1`] = `ShallowWrapper {}`;
